// Jest Snapshot v1, https://goo.gl/fbAQLP

exports[`Breadcrumbs component is rendering properly 1`] = `
<div>
  <div
    class="mr flex items-center leading-6 font-medium text-base"
  />
</div>
`;
